// Bun Snapshot v1, https://bun.sh/docs/test/snapshots

exports[`SQLite migration runner characterization state.db: fresh-DB migration replay produces a stable schema + ledger 1`] = `
{
  "migrations": [
    "001-initial-schema",
    "002-task-history-per-run",
    "003-improve-runs",
    "004-extract-sessions-seen",
    "005-proposal-fs-imports",
    "006-proposals-pending-ref-source",
    "007-consolidation-judged",
    "008-body-embeddings",
    "009-asset-salience",
    "010-asset-outcome",
    "011-asset-salience-homeostatic-demoted-at",
    "012-improve-gate-thresholds",
    "013-extract-sessions-content-hash",
    "014-recombine-hypotheses",
    "015-asset-salience-encoding-source",
    "016-collapse-churn-detector",
  ],
  "schema": [
    {
      "name": "idx_asset_outcome_review_pressure",
      "sql": 
"CREATE INDEX idx_asset_outcome_review_pressure
        ON asset_outcome(review_pressure DESC)"
,
      "type": "index",
    },
    {
      "name": "idx_asset_outcome_score",
      "sql": 
"CREATE INDEX idx_asset_outcome_score
        ON asset_outcome(outcome_score DESC)"
,
      "type": "index",
    },
    {
      "name": "idx_asset_salience_rank",
      "sql": 
"CREATE INDEX idx_asset_salience_rank
        ON asset_salience(rank_score DESC)"
,
      "type": "index",
    },
    {
      "name": "idx_canary_queries_active",
      "sql": 
"CREATE INDEX idx_canary_queries_active
        ON canary_queries(active, canary_set_id)"
,
      "type": "index",
    },
    {
      "name": "idx_events_ref",
      "sql": "CREATE INDEX idx_events_ref  ON events(ref)",
      "type": "index",
    },
    {
      "name": "idx_events_ts",
      "sql": "CREATE INDEX idx_events_ts   ON events(ts)",
      "type": "index",
    },
    {
      "name": "idx_events_type",
      "sql": "CREATE INDEX idx_events_type ON events(event_type)",
      "type": "index",
    },
    {
      "name": "idx_extract_sessions_harness",
      "sql": 
"CREATE INDEX idx_extract_sessions_harness
        ON extract_sessions_seen(harness)"
,
      "type": "index",
    },
    {
      "name": "idx_extract_sessions_processed",
      "sql": 
"CREATE INDEX idx_extract_sessions_processed
        ON extract_sessions_seen(processed_at)"
,
      "type": "index",
    },
    {
      "name": "idx_improve_cycle_metrics_ts",
      "sql": 
"CREATE INDEX idx_improve_cycle_metrics_ts
        ON improve_cycle_metrics(ts)"
,
      "type": "index",
    },
    {
      "name": "idx_improve_runs_dry_run",
      "sql": 
"CREATE INDEX idx_improve_runs_dry_run
        ON improve_runs(dry_run)"
,
      "type": "index",
    },
    {
      "name": "idx_improve_runs_started",
      "sql": 
"CREATE INDEX idx_improve_runs_started
        ON improve_runs(started_at)"
,
      "type": "index",
    },
    {
      "name": "idx_improve_runs_stash_scope",
      "sql": 
"CREATE INDEX idx_improve_runs_stash_scope
        ON improve_runs(stash_dir, scope_mode)"
,
      "type": "index",
    },
    {
      "name": "idx_proposals_ref_status",
      "sql": 
"CREATE INDEX idx_proposals_ref_status
        ON proposals(ref, status)"
,
      "type": "index",
    },
    {
      "name": "idx_proposals_stash_status",
      "sql": 
"CREATE INDEX idx_proposals_stash_status
        ON proposals(stash_dir, status)"
,
      "type": "index",
    },
    {
      "name": "idx_proposals_stash_status_ref_source",
      "sql": 
"CREATE INDEX idx_proposals_stash_status_ref_source
        ON proposals(stash_dir, status, ref, source)"
,
      "type": "index",
    },
    {
      "name": "idx_recombine_hypotheses_last_seen",
      "sql": 
"CREATE INDEX idx_recombine_hypotheses_last_seen
        ON recombine_hypotheses(last_seen_at)"
,
      "type": "index",
    },
    {
      "name": "idx_task_history_run",
      "sql": 
"CREATE UNIQUE INDEX idx_task_history_run
        ON task_history(task_id, started_at)"
,
      "type": "index",
    },
    {
      "name": "idx_task_history_started",
      "sql": 
"CREATE INDEX idx_task_history_started
        ON task_history(started_at)"
,
      "type": "index",
    },
    {
      "name": "idx_task_history_status",
      "sql": 
"CREATE INDEX idx_task_history_status
        ON task_history(status)"
,
      "type": "index",
    },
    {
      "name": "idx_task_history_target",
      "sql": 
"CREATE INDEX idx_task_history_target
        ON task_history(target_kind, target_ref)"
,
      "type": "index",
    },
    {
      "name": "idx_task_history_task_id",
      "sql": 
"CREATE INDEX idx_task_history_task_id
        ON task_history(task_id)"
,
      "type": "index",
    },
    {
      "name": "asset_outcome",
      "sql": 
"CREATE TABLE asset_outcome (
        asset_ref                TEXT    PRIMARY KEY,
        last_retrieved_at        INTEGER NOT NULL DEFAULT 0,
        retrieval_count          INTEGER NOT NULL DEFAULT 0,
        expected_retrieval_rate  REAL    NOT NULL DEFAULT 0.0,
        negative_feedback_count  INTEGER NOT NULL DEFAULT 0,
        accepted_change_count    INTEGER NOT NULL DEFAULT 0,
        review_pressure          INTEGER NOT NULL DEFAULT 0,
        outcome_score            REAL    NOT NULL DEFAULT 0.0,
        updated_at               INTEGER NOT NULL DEFAULT 0
      )"
,
      "type": "table",
    },
    {
      "name": "asset_salience",
      "sql": 
"CREATE TABLE asset_salience (
        asset_ref          TEXT    PRIMARY KEY,
        encoding_salience  REAL    NOT NULL DEFAULT 0.5,
        outcome_salience   REAL    NOT NULL DEFAULT 0.0,
        retrieval_salience REAL    NOT NULL DEFAULT 0.0,
        rank_score         REAL    NOT NULL DEFAULT 0.0,
        consecutive_no_ops INTEGER NOT NULL DEFAULT 0,
        updated_at         INTEGER NOT NULL DEFAULT 0
      , homeostatic_demoted_at INTEGER DEFAULT NULL, encoding_source TEXT DEFAULT NULL)"
,
      "type": "table",
    },
    {
      "name": "body_embeddings",
      "sql": 
"CREATE TABLE body_embeddings (
        content_hash TEXT    PRIMARY KEY,
        embedding    BLOB    NOT NULL,
        model_id     TEXT    NOT NULL,
        created_at   INTEGER NOT NULL
      )"
,
      "type": "table",
    },
    {
      "name": "canary_queries",
      "sql": 
"CREATE TABLE canary_queries (
        id            INTEGER PRIMARY KEY AUTOINCREMENT,
        canary_set_id TEXT    NOT NULL,
        anchor_ref    TEXT    NOT NULL,
        query         TEXT    NOT NULL,
        source        TEXT    NOT NULL DEFAULT 'auto',
        active        INTEGER NOT NULL DEFAULT 1,
        created_at    TEXT    NOT NULL
      )"
,
      "type": "table",
    },
    {
      "name": "consolidation_judged",
      "sql": 
"CREATE TABLE consolidation_judged (
        entry_key    TEXT    PRIMARY KEY,
        content_hash TEXT    NOT NULL,
        judged_at    TEXT    NOT NULL,
        outcome      TEXT    NOT NULL
      )"
,
      "type": "table",
    },
    {
      "name": "events",
      "sql": 
"CREATE TABLE events (
        id             INTEGER PRIMARY KEY AUTOINCREMENT,
        event_type     TEXT    NOT NULL,
        ts             TEXT    NOT NULL,
        ref            TEXT,
        metadata_json  TEXT    NOT NULL DEFAULT '{}'
      )"
,
      "type": "table",
    },
    {
      "name": "extract_sessions_seen",
      "sql": 
"CREATE TABLE extract_sessions_seen (
        harness          TEXT    NOT NULL,
        session_id       TEXT    NOT NULL,
        processed_at     TEXT    NOT NULL,
        session_ended_at TEXT,
        outcome          TEXT    NOT NULL,
        candidate_count  INTEGER NOT NULL DEFAULT 0,
        proposal_count   INTEGER NOT NULL DEFAULT 0,
        rationale        TEXT,
        source_run       TEXT,
        metadata_json    TEXT    NOT NULL DEFAULT '{}', content_hash TEXT DEFAULT NULL,
        PRIMARY KEY (harness, session_id)
      )"
,
      "type": "table",
    },
    {
      "name": "improve_cycle_metrics",
      "sql": 
"CREATE TABLE improve_cycle_metrics (
        id                      INTEGER PRIMARY KEY AUTOINCREMENT,
        run_id                  TEXT    NOT NULL,
        ts                      TEXT    NOT NULL,
        pass                    TEXT    NOT NULL,
        canary_set_id           TEXT    NOT NULL,
        mean_recall             REAL    NOT NULL,
        mean_ndcg               REAL    NOT NULL,
        mean_mrr                REAL    NOT NULL,
        canary_ranks_json       TEXT    NOT NULL,
        store_total             INTEGER NOT NULL,
        store_by_type_json      TEXT    NOT NULL,
        distinct_content_ratio  REAL    NOT NULL,
        mean_bigram_diversity   REAL    NOT NULL,
        over_generation_count   INTEGER NOT NULL,
        accepted_actions        INTEGER NOT NULL,
        merge_floor_violations  INTEGER NOT NULL DEFAULT 0,
        alerts_json             TEXT    NOT NULL DEFAULT '[]'
      )"
,
      "type": "table",
    },
    {
      "name": "improve_gate_thresholds",
      "sql": 
"CREATE TABLE improve_gate_thresholds (
        phase       TEXT    NOT NULL PRIMARY KEY,
        threshold   INTEGER NOT NULL,
        updated_at  INTEGER NOT NULL
      )"
,
      "type": "table",
    },
    {
      "name": "improve_runs",
      "sql": 
"CREATE TABLE improve_runs (
        id            TEXT    PRIMARY KEY,
        started_at    TEXT    NOT NULL,
        completed_at  TEXT,
        stash_dir     TEXT    NOT NULL,
        dry_run       INTEGER NOT NULL DEFAULT 0,
        profile       TEXT,
        scope_mode    TEXT    NOT NULL,
        scope_value   TEXT,
        guidance      TEXT,
        ok            INTEGER NOT NULL,
        result_json   TEXT    NOT NULL,
        metrics_json  TEXT,
        metadata_json TEXT    NOT NULL DEFAULT '{}'
      )"
,
      "type": "table",
    },
    {
      "name": "proposal_fs_imports",
      "sql": 
"CREATE TABLE proposal_fs_imports (
        stash_dir      TEXT    PRIMARY KEY,
        imported_at    TEXT    NOT NULL,
        imported_count INTEGER NOT NULL DEFAULT 0
      )"
,
      "type": "table",
    },
    {
      "name": "proposals",
      "sql": 
"CREATE TABLE proposals (
        id               TEXT    PRIMARY KEY,
        stash_dir        TEXT    NOT NULL,
        ref              TEXT    NOT NULL,
        status           TEXT    NOT NULL DEFAULT 'pending',
        source           TEXT    NOT NULL,
        created_at       TEXT    NOT NULL,
        updated_at       TEXT    NOT NULL,
        content          TEXT    NOT NULL DEFAULT '',
        frontmatter_json TEXT,
        metadata_json    TEXT    NOT NULL DEFAULT '{}'
      )"
,
      "type": "table",
    },
    {
      "name": "recombine_hypotheses",
      "sql": 
"CREATE TABLE recombine_hypotheses (
        hypothesis_ref    TEXT PRIMARY KEY,
        signature         TEXT NOT NULL,
        member_key        TEXT NOT NULL,
        consecutive_count INTEGER NOT NULL DEFAULT 0,
        first_seen_at     TEXT NOT NULL,
        last_seen_at      TEXT NOT NULL,
        last_run          TEXT,
        promoted_at       TEXT,
        metadata_json     TEXT NOT NULL DEFAULT '{}'
      )"
,
      "type": "table",
    },
    {
      "name": "schema_migrations",
      "sql": 
"CREATE TABLE schema_migrations (
      id         TEXT    PRIMARY KEY,
      applied_at TEXT    NOT NULL DEFAULT (datetime('now'))
    )"
,
      "type": "table",
    },
    {
      "name": "task_history",
      "sql": 
"CREATE TABLE task_history (
        id            INTEGER PRIMARY KEY AUTOINCREMENT,
        task_id       TEXT    NOT NULL,
        status        TEXT    NOT NULL,
        started_at    TEXT    NOT NULL,
        completed_at  TEXT,
        failed_at     TEXT,
        log_path      TEXT,
        target_kind   TEXT,
        target_ref    TEXT,
        metadata_json TEXT    NOT NULL DEFAULT '{}'
      )"
,
      "type": "table",
    },
  ],
}
`;

exports[`SQLite migration runner characterization workflow.db: fresh-DB migration replay produces a stable schema + ledger 1`] = `
{
  "migrations": [
    "001-add-scope-key",
    "002-add-agent-identity",
    "003-checkin-and-step-summary",
    "004-workflow-run-units",
    "005-unit-session-id",
    "006-frozen-plan-and-lease",
    "007-unit-last-checkin",
    "008-unit-attempts",
  ],
  "schema": [
    {
      "name": "idx_workflow_run_steps_run_sequence",
      "sql": 
"CREATE INDEX idx_workflow_run_steps_run_sequence
      ON workflow_run_steps(run_id, sequence_index)"
,
      "type": "index",
    },
    {
      "name": "idx_workflow_run_units_run_step",
      "sql": 
"CREATE INDEX idx_workflow_run_units_run_step
        ON workflow_run_units(run_id, step_id)"
,
      "type": "index",
    },
    {
      "name": "idx_workflow_runs_agent_session",
      "sql": 
"CREATE INDEX idx_workflow_runs_agent_session
        ON workflow_runs(agent_harness, agent_session_id)"
,
      "type": "index",
    },
    {
      "name": "idx_workflow_runs_ref",
      "sql": "CREATE INDEX idx_workflow_runs_ref ON workflow_runs(workflow_ref)",
      "type": "index",
    },
    {
      "name": "idx_workflow_runs_scope_ref_status",
      "sql": 
"CREATE INDEX idx_workflow_runs_scope_ref_status
        ON workflow_runs(scope_key, workflow_ref, status)"
,
      "type": "index",
    },
    {
      "name": "idx_workflow_runs_status",
      "sql": "CREATE INDEX idx_workflow_runs_status ON workflow_runs(status)",
      "type": "index",
    },
    {
      "name": "schema_migrations",
      "sql": 
"CREATE TABLE schema_migrations (
      id         TEXT    PRIMARY KEY,
      applied_at TEXT    NOT NULL DEFAULT (datetime('now'))
    )"
,
      "type": "table",
    },
    {
      "name": "workflow_run_steps",
      "sql": 
"CREATE TABLE workflow_run_steps (
      run_id          TEXT NOT NULL,
      step_id         TEXT NOT NULL,
      step_title      TEXT NOT NULL,
      instructions    TEXT NOT NULL,
      completion_json TEXT,
      sequence_index  INTEGER NOT NULL,
      status          TEXT NOT NULL CHECK (status IN ('pending', 'completed', 'blocked', 'failed', 'skipped')),
      notes           TEXT,
      evidence_json   TEXT,
      completed_at    TEXT, summary TEXT,
      PRIMARY KEY (run_id, step_id),
      FOREIGN KEY (run_id) REFERENCES workflow_runs(id) ON DELETE CASCADE
    )"
,
      "type": "table",
    },
    {
      "name": "workflow_run_units",
      "sql": 
"CREATE TABLE workflow_run_units (
        run_id         TEXT NOT NULL,
        unit_id        TEXT NOT NULL,
        step_id        TEXT,
        node_id        TEXT NOT NULL,
        parent_unit_id TEXT,
        phase          TEXT,
        runner         TEXT,
        model          TEXT,
        status         TEXT NOT NULL CHECK (status IN ('pending', 'running', 'completed', 'failed', 'skipped')),
        input_hash     TEXT,
        result_json    TEXT,
        tokens         INTEGER,
        failure_reason TEXT,
        worktree_path  TEXT,
        started_at     TEXT,
        finished_at    TEXT, session_id TEXT, last_checkin_at TEXT, attempts INTEGER NOT NULL DEFAULT 1,
        PRIMARY KEY (run_id, unit_id),
        FOREIGN KEY (run_id) REFERENCES workflow_runs(id) ON DELETE CASCADE
      )"
,
      "type": "table",
    },
    {
      "name": "workflow_runs",
      "sql": 
"CREATE TABLE workflow_runs (
      id                TEXT PRIMARY KEY,
      workflow_ref      TEXT NOT NULL,
      workflow_entry_id INTEGER,
      workflow_title    TEXT NOT NULL,
      status            TEXT NOT NULL CHECK (status IN ('active', 'completed', 'blocked', 'failed')),
      params_json       TEXT NOT NULL DEFAULT '{}',
      current_step_id   TEXT,
      created_at        TEXT NOT NULL,
      updated_at        TEXT NOT NULL,
      completed_at      TEXT
    , scope_key TEXT, agent_harness TEXT, agent_session_id TEXT, checkin_armed_at TEXT, plan_json TEXT, plan_hash TEXT, engine_lease_until TEXT, engine_lease_holder TEXT)"
,
      "type": "table",
    },
  ],
}
`;
