// Bun Snapshot v1, https://bun.sh/docs/test/snapshots

exports[`SQLite migration runner characterization state.db: fresh-DB migration replay produces a stable schema + ledger 1`] = `
{
  "migrations": [
    "001-initial-schema",
    "002-task-history-per-run",
    "003-improve-runs",
    "004-extract-sessions-seen",
  ],
  "schema": [
    {
      "name": "idx_events_ref",
      "sql": "CREATE INDEX idx_events_ref  ON events(ref)",
      "type": "index",
    },
    {
      "name": "idx_events_ts",
      "sql": "CREATE INDEX idx_events_ts   ON events(ts)",
      "type": "index",
    },
    {
      "name": "idx_events_type",
      "sql": "CREATE INDEX idx_events_type ON events(event_type)",
      "type": "index",
    },
    {
      "name": "idx_extract_sessions_harness",
      "sql": 
"CREATE INDEX idx_extract_sessions_harness
        ON extract_sessions_seen(harness)"
,
      "type": "index",
    },
    {
      "name": "idx_extract_sessions_processed",
      "sql": 
"CREATE INDEX idx_extract_sessions_processed
        ON extract_sessions_seen(processed_at)"
,
      "type": "index",
    },
    {
      "name": "idx_improve_runs_dry_run",
      "sql": 
"CREATE INDEX idx_improve_runs_dry_run
        ON improve_runs(dry_run)"
,
      "type": "index",
    },
    {
      "name": "idx_improve_runs_started",
      "sql": 
"CREATE INDEX idx_improve_runs_started
        ON improve_runs(started_at)"
,
      "type": "index",
    },
    {
      "name": "idx_improve_runs_stash_scope",
      "sql": 
"CREATE INDEX idx_improve_runs_stash_scope
        ON improve_runs(stash_dir, scope_mode)"
,
      "type": "index",
    },
    {
      "name": "idx_proposals_ref_status",
      "sql": 
"CREATE INDEX idx_proposals_ref_status
        ON proposals(ref, status)"
,
      "type": "index",
    },
    {
      "name": "idx_proposals_stash_status",
      "sql": 
"CREATE INDEX idx_proposals_stash_status
        ON proposals(stash_dir, status)"
,
      "type": "index",
    },
    {
      "name": "idx_task_history_run",
      "sql": 
"CREATE UNIQUE INDEX idx_task_history_run
        ON task_history(task_id, started_at)"
,
      "type": "index",
    },
    {
      "name": "idx_task_history_started",
      "sql": 
"CREATE INDEX idx_task_history_started
        ON task_history(started_at)"
,
      "type": "index",
    },
    {
      "name": "idx_task_history_status",
      "sql": 
"CREATE INDEX idx_task_history_status
        ON task_history(status)"
,
      "type": "index",
    },
    {
      "name": "idx_task_history_target",
      "sql": 
"CREATE INDEX idx_task_history_target
        ON task_history(target_kind, target_ref)"
,
      "type": "index",
    },
    {
      "name": "idx_task_history_task_id",
      "sql": 
"CREATE INDEX idx_task_history_task_id
        ON task_history(task_id)"
,
      "type": "index",
    },
    {
      "name": "events",
      "sql": 
"CREATE TABLE events (
        id             INTEGER PRIMARY KEY AUTOINCREMENT,
        event_type     TEXT    NOT NULL,
        ts             TEXT    NOT NULL,
        ref            TEXT,
        metadata_json  TEXT    NOT NULL DEFAULT '{}'
      )"
,
      "type": "table",
    },
    {
      "name": "extract_sessions_seen",
      "sql": 
"CREATE TABLE extract_sessions_seen (
        harness          TEXT    NOT NULL,
        session_id       TEXT    NOT NULL,
        processed_at     TEXT    NOT NULL,
        session_ended_at TEXT,
        outcome          TEXT    NOT NULL,
        candidate_count  INTEGER NOT NULL DEFAULT 0,
        proposal_count   INTEGER NOT NULL DEFAULT 0,
        rationale        TEXT,
        source_run       TEXT,
        metadata_json    TEXT    NOT NULL DEFAULT '{}',
        PRIMARY KEY (harness, session_id)
      )"
,
      "type": "table",
    },
    {
      "name": "improve_runs",
      "sql": 
"CREATE TABLE improve_runs (
        id            TEXT    PRIMARY KEY,
        started_at    TEXT    NOT NULL,
        completed_at  TEXT,
        stash_dir     TEXT    NOT NULL,
        dry_run       INTEGER NOT NULL DEFAULT 0,
        profile       TEXT,
        scope_mode    TEXT    NOT NULL,
        scope_value   TEXT,
        guidance      TEXT,
        ok            INTEGER NOT NULL,
        result_json   TEXT    NOT NULL,
        metrics_json  TEXT,
        metadata_json TEXT    NOT NULL DEFAULT '{}'
      )"
,
      "type": "table",
    },
    {
      "name": "proposals",
      "sql": 
"CREATE TABLE proposals (
        id               TEXT    PRIMARY KEY,
        stash_dir        TEXT    NOT NULL,
        ref              TEXT    NOT NULL,
        status           TEXT    NOT NULL DEFAULT 'pending',
        source           TEXT    NOT NULL,
        created_at       TEXT    NOT NULL,
        updated_at       TEXT    NOT NULL,
        content          TEXT    NOT NULL DEFAULT '',
        frontmatter_json TEXT,
        metadata_json    TEXT    NOT NULL DEFAULT '{}'
      )"
,
      "type": "table",
    },
    {
      "name": "schema_migrations",
      "sql": 
"CREATE TABLE schema_migrations (
      id         TEXT    PRIMARY KEY,
      applied_at TEXT    NOT NULL DEFAULT (datetime('now'))
    )"
,
      "type": "table",
    },
    {
      "name": "task_history",
      "sql": 
"CREATE TABLE task_history (
        id            INTEGER PRIMARY KEY AUTOINCREMENT,
        task_id       TEXT    NOT NULL,
        status        TEXT    NOT NULL,
        started_at    TEXT    NOT NULL,
        completed_at  TEXT,
        failed_at     TEXT,
        log_path      TEXT,
        target_kind   TEXT,
        target_ref    TEXT,
        metadata_json TEXT    NOT NULL DEFAULT '{}'
      )"
,
      "type": "table",
    },
  ],
}
`;

exports[`SQLite migration runner characterization workflow.db: fresh-DB migration replay produces a stable schema + ledger 1`] = `
{
  "migrations": [
    "001-add-scope-key",
    "002-add-agent-identity",
    "003-checkin-and-step-summary",
  ],
  "schema": [
    {
      "name": "idx_workflow_run_steps_run_sequence",
      "sql": 
"CREATE INDEX idx_workflow_run_steps_run_sequence
      ON workflow_run_steps(run_id, sequence_index)"
,
      "type": "index",
    },
    {
      "name": "idx_workflow_runs_agent_session",
      "sql": 
"CREATE INDEX idx_workflow_runs_agent_session
        ON workflow_runs(agent_harness, agent_session_id)"
,
      "type": "index",
    },
    {
      "name": "idx_workflow_runs_ref",
      "sql": "CREATE INDEX idx_workflow_runs_ref ON workflow_runs(workflow_ref)",
      "type": "index",
    },
    {
      "name": "idx_workflow_runs_scope_ref_status",
      "sql": 
"CREATE INDEX idx_workflow_runs_scope_ref_status
        ON workflow_runs(scope_key, workflow_ref, status)"
,
      "type": "index",
    },
    {
      "name": "idx_workflow_runs_status",
      "sql": "CREATE INDEX idx_workflow_runs_status ON workflow_runs(status)",
      "type": "index",
    },
    {
      "name": "schema_migrations",
      "sql": 
"CREATE TABLE schema_migrations (
      id         TEXT    PRIMARY KEY,
      applied_at TEXT    NOT NULL DEFAULT (datetime('now'))
    )"
,
      "type": "table",
    },
    {
      "name": "workflow_run_steps",
      "sql": 
"CREATE TABLE workflow_run_steps (
      run_id          TEXT NOT NULL,
      step_id         TEXT NOT NULL,
      step_title      TEXT NOT NULL,
      instructions    TEXT NOT NULL,
      completion_json TEXT,
      sequence_index  INTEGER NOT NULL,
      status          TEXT NOT NULL CHECK (status IN ('pending', 'completed', 'blocked', 'failed', 'skipped')),
      notes           TEXT,
      evidence_json   TEXT,
      completed_at    TEXT, summary TEXT,
      PRIMARY KEY (run_id, step_id),
      FOREIGN KEY (run_id) REFERENCES workflow_runs(id) ON DELETE CASCADE
    )"
,
      "type": "table",
    },
    {
      "name": "workflow_runs",
      "sql": 
"CREATE TABLE workflow_runs (
      id                TEXT PRIMARY KEY,
      workflow_ref      TEXT NOT NULL,
      workflow_entry_id INTEGER,
      workflow_title    TEXT NOT NULL,
      status            TEXT NOT NULL CHECK (status IN ('active', 'completed', 'blocked', 'failed')),
      params_json       TEXT NOT NULL DEFAULT '{}',
      current_step_id   TEXT,
      created_at        TEXT NOT NULL,
      updated_at        TEXT NOT NULL,
      completed_at      TEXT
    , scope_key TEXT, agent_harness TEXT, agent_session_id TEXT, checkin_armed_at TEXT)"
,
      "type": "table",
    },
  ],
}
`;
